// Jest Snapshot v1, https://goo.gl/fbAQLP

exports[`Blockquote can render a Blockquote 1`] = `
.emotion-0 {
  -webkit-transition: 0.5s;
  transition: 0.5s;
  margin-top: 0px;
  margin-bottom: 2.25rem;
  color: var(--maximeheckel-colors-typeface-primary);
  font-style: italic;
  width: 100vw;
  position: relative;
  left: 50%;
  right: 50%;
  margin-left: -50vw;
  margin-right: -50vw;
  padding-top: 40px;
  padding-bottom: 40px;
  background: var(--maximeheckel-colors-emphasis);
  -webkit-backdrop-filter: blur(6px);
  backdrop-filter: blur(6px);
}

.emotion-0>p {
  max-width: 880px!important;
  padding-left: 50px;
  padding-bottom: 0;
  width: 100%;
  margin: 0 auto;
  font-size: 27px;
  line-height: 1.6818;
  font-weight: 400;
}

<body>
  <div>
    <blockquote
      class="emotion-0 emotion-1"
    >
      Test
    </blockquote>
  </div>
</body>
`;
